Running Gradle task 'assembleDebug'...                          
flutter : 
lib/main.dart:1051:21: 
Error: Can't find ']' to 
match '['.
At line:1 char:1
+ flutter build apk 
--debug > build_errors.txt 
2>&1
+ ~~~~~~~~~~~~~~~~~~~~~~~~~
~~~~~~~~~~~~~~~~~~~~~~~~
    + CategoryInfo         
     : NotSpecified: (lib  
  /main.dart:1...' to ma   
 tch '['.:String) [], R    
emoteException
    + FullyQualifiedErrorI 
   d : NativeCommandError
 
          children: [
                    ^
lib/main.dart:1047:34: 
Error: Can't find ')' to 
match '('.
      body: 
SingleChildScrollView(
                           
      ^
lib/main.dart:1021:20: 
Error: Can't find ')' to 
match '('.
    return Scaffold(
                   ^
lib/main.dart:1578:86: 
Error: The method 'in_' 
isn't defined for the type 
'PostgrestFilterBuilder<Lis
t<Map<String, dynamic>>>'.
 - 
'PostgrestFilterBuilder' 
is from 'package:postgrest/
src/postgrest_builder.dart'
 ('../../AppData/Local/Pub/
Cache/hosted/pub.dev/postgr
est-2.6.0/lib/src/postgrest
_builder.dart').
 - 'List' is from 
'dart:core'.
 - 'Map' is from 
'dart:core'.
Try correcting the name to 
the name of an existing 
method, or defining a 
method named 'in_'.
        final medsRes = 
await _supabase.from('medic
acoes').select('*, idosos(n
ome)').in_('idoso_id', 
idosoIds);
                           
                           
                           
    ^^^
lib/main.dart:1581:14: 
Error: The method 'in_' 
isn't defined for the type 
'PostgrestFilterBuilder<Lis
t<Map<String, dynamic>>>'.
 - 
'PostgrestFilterBuilder' 
is from 'package:postgrest/
src/postgrest_builder.dart'
 ('../../AppData/Local/Pub/
Cache/hosted/pub.dev/postgr
est-2.6.0/lib/src/postgrest
_builder.dart').
 - 'List' is from 
'dart:core'.
 - 'Map' is from 
'dart:core'.
Try correcting the name to 
the name of an existing 
method, or defining a 
method named 'in_'.
            
.in_('medicacao_id', 
(medsRes as List).map((m) 
=> m['id']).toList())
             ^^^
Target 
kernel_snapshot_program 
failed: Exception


FAILURE: Build failed with 
an exception.

* What went wrong:
Execution failed for task '
:app:compileFlutterBuildDeb
ug'.
> Process 'command 'C:\User
s\xavie\flutter\bin\flutter
.bat'' finished with 
non-zero exit value 1

* Try:
> Run with --stacktrace 
option to get the stack 
trace.
> Run with --info or 
--debug option to get more 
log output.
> Run with --scan to get 
full insights.
> Get more help at 
https://help.gradle.org.

BUILD FAILED in 4s
Running Gradle task 'assembleDebug'...                              4,9s
Gradle task assembleDebug 
failed with exit code 1
